// Jest Snapshot v1, https://goo.gl/fbAQLP

exports[`List page renders the list page 1`] = `
<ul
  aria-label="villagers"
>
  <li>
    <a
      href="/5f5fb4bbbfd05c2aed82e460"
    >
      <h2>
        Admiral
      </h2>
      <img
        alt="Admiral"
        height="200px"
        src="https://vignette.wikia.nocookie.net/animalcrossing/images/e/ed/Admiral_NH.png/revision/latest?cb=20200802081138"
      />
    </a>
  </li>
  <li>
    <a
      href="/5f5fb4bbbfd05c2aed82e461"
    >
      <h2>
        Agent S
      </h2>
      <img
        alt="Agent S"
        height="200px"
        src="https://vignette.wikia.nocookie.net/animalcrossing/images/a/a7/Agent_S_NH.png/revision/latest?cb=20200719092526"
      />
    </a>
  </li>
  <li>
    <a
      href="/5f5fb4bbbfd05c2aed82e462"
    >
      <h2>
        Agnes
      </h2>
      <img
        alt="Agnes"
        height="200px"
        src="https://vignette.wikia.nocookie.net/animalcrossing/images/4/42/Agnes_NH.png/revision/latest?cb=20200804230432"
      />
    </a>
  </li>
  <li>
    <a
      href="/5f5fb4bbbfd05c2aed82e463"
    >
      <h2>
        Al
      </h2>
      <img
        alt="Al"
        height="200px"
        src="https://vignette.wikia.nocookie.net/animalcrossing/images/c/c4/Al_NH.png/revision/latest?cb=20200802150354"
      />
    </a>
  </li>
  <li>
    <a
      href="/5f5fb4bbbfd05c2aed82e464"
    >
      <h2>
        Alfonso
      </h2>
      <img
        alt="Alfonso"
        height="200px"
        src="https://vignette.wikia.nocookie.net/animalcrossing/images/e/e4/Alfonso_NH.png/revision/latest?cb=20200817164717"
      />
    </a>
  </li>
  <li>
    <a
      href="/5f5fb4bbbfd05c2aed82e465"
    >
      <h2>
        Alice
      </h2>
      <img
        alt="Alice"
        height="200px"
        src="https://vignette.wikia.nocookie.net/animalcrossing/images/e/e1/Alice_NH.png/revision/latest?cb=20200803181400"
      />
    </a>
  </li>
  <li>
    <a
      href="/5f5fb4bbbfd05c2aed82e46c"
    >
      <h2>
        Ankha
      </h2>
      <img
        alt="Ankha"
        height="200px"
        src="https://vignette.wikia.nocookie.net/animalcrossing/images/5/56/Ankha_NH.png/revision/latest?cb=20200817172044"
      />
    </a>
  </li>
  <li>
    <a
      href="/5f5fb4bbbfd05c2aed82e466"
    >
      <h2>
        Alli
      </h2>
      <img
        alt="Alli"
        height="200px"
        src="https://vignette.wikia.nocookie.net/animalcrossing/images/8/8e/Alli_NH.png/revision/latest?cb=20200802061731"
      />
    </a>
  </li>
  <li>
    <a
      href="/5f5fb4bbbfd05c2aed82e46b"
    >
      <h2>
        Anicotti
      </h2>
      <img
        alt="Anicotti"
        height="200px"
        src="https://vignette.wikia.nocookie.net/animalcrossing/images/8/80/Anicotti_NH.png/revision/latest?cb=20200802164003"
      />
    </a>
  </li>
  <li>
    <a
      href="/5f5fb4bbbfd05c2aed82e46a"
    >
      <h2>
        Angus
      </h2>
      <img
        alt="Angus"
        height="200px"
        src="https://vignette.wikia.nocookie.net/animalcrossing/images/5/5f/Angus_NH.png/revision/latest?cb=20200802083758"
      />
    </a>
  </li>
  <li>
    <a
      href="/5f5fb4bbbfd05c2aed82e467"
    >
      <h2>
        Amelia
      </h2>
      <img
        alt="Amelia"
        height="200px"
        src="https://vignette.wikia.nocookie.net/animalcrossing/images/a/ab/Amelia_NH.png/revision/latest?cb=20200817171545"
      />
    </a>
  </li>
  <li>
    <a
      href="/5f5fb4bbbfd05c2aed82e46d"
    >
      <h2>
        Annalisa
      </h2>
      <img
        alt="Annalisa"
        height="200px"
        src="https://vignette.wikia.nocookie.net/animalcrossing/images/f/f0/Annalisa_NH.png/revision/latest?cb=20200802063308"
      />
    </a>
  </li>
  <li>
    <a
      href="/5f5fb4bbbfd05c2aed82e46f"
    >
      <h2>
        Antonio
      </h2>
      <img
        alt="Antonio"
        height="200px"
        src="https://vignette.wikia.nocookie.net/animalcrossing/images/d/d4/Antonio_NH.png/revision/latest?cb=20200802063352"
      />
    </a>
  </li>
  <li>
    <a
      href="/5f5fb4bbbfd05c2aed82e46e"
    >
      <h2>
        Annalise
      </h2>
      <img
        alt="Annalise"
        height="200px"
        src="https://vignette.wikia.nocookie.net/animalcrossing/images/c/c4/Annalise_NH.png/revision/latest?cb=20200802153943"
      />
    </a>
  </li>
  <li>
    <a
      href="/5f5fb4bbbfd05c2aed82e468"
    >
      <h2>
        Anabelle
      </h2>
      <img
        alt="Anabelle"
        height="200px"
        src="https://vignette.wikia.nocookie.net/animalcrossing/images/d/d8/Anabelle_NH.png/revision/latest?cb=20200802063200"
      />
    </a>
  </li>
  <li>
    <a
      href="/5f5fb4bbbfd05c2aed82e470"
    >
      <h2>
        Apollo
      </h2>
      <img
        alt="Apollo"
        height="200px"
        src="https://vignette.wikia.nocookie.net/animalcrossing/images/2/28/Apollo_NH.png/revision/latest?cb=20200719092927"
      />
    </a>
  </li>
  <li>
    <a
      href="/5f5fb4bbbfd05c2aed82e469"
    >
      <h2>
        Anchovy
      </h2>
      <img
        alt="Anchovy"
        height="200px"
        src="https://vignette.wikia.nocookie.net/animalcrossing/images/e/ea/Anchovy_NH.png/revision/latest?cb=20200802081231"
      />
    </a>
  </li>
  <li>
    <a
      href="/5f5fb4bbbfd05c2aed82e471"
    >
      <h2>
        Apple
      </h2>
      <img
        alt="Apple"
        height="200px"
        src="https://vignette.wikia.nocookie.net/animalcrossing/images/5/57/Apple_NH.png/revision/latest?cb=20200802151508"
      />
    </a>
  </li>
  <li>
    <a
      href="/5f5fb4bbbfd05c2aed82e472"
    >
      <h2>
        Astrid
      </h2>
      <img
        alt="Astrid"
        height="200px"
        src="https://vignette.wikia.nocookie.net/animalcrossing/images/d/d5/Astrid_NH.png/revision/latest?cb=20200802154954"
      />
    </a>
  </li>
  <li>
    <a
      href="/5f5fb4bbbfd05c2aed82e473"
    >
      <h2>
        Audie
      </h2>
      <img
        alt="Audie"
        height="200px"
        src="https://vignette.wikia.nocookie.net/animalcrossing/images/1/1b/Audie_NH.png/revision/latest?cb=20200829012735"
      />
    </a>
  </li>
  <li>
    <a
      href="/5f5fb4bbbfd05c2aed82e474"
    >
      <h2>
        Aurora
      </h2>
      <img
        alt="Aurora"
        height="200px"
        src="https://vignette.wikia.nocookie.net/animalcrossing/images/5/59/Aurora_NH.png/revision/latest?cb=20200202215217"
      />
    </a>
  </li>
  <li>
    <a
      href="/5f5fb4bbbfd05c2aed82e475"
    >
      <h2>
        Ava
      </h2>
      <img
        alt="Ava"
        height="200px"
        src="https://vignette.wikia.nocookie.net/animalcrossing/images/c/cc/Ava_NH.png/revision/latest?cb=20200609055741"
      />
    </a>
  </li>
  <li>
    <a
      href="/5f5fb4bbbfd05c2aed82e476"
    >
      <h2>
        Avery
      </h2>
      <img
        alt="Avery"
        height="200px"
        src="https://vignette.wikia.nocookie.net/animalcrossing/images/d/dd/Avery_NH.png/revision/latest?cb=20200608222354"
      />
    </a>
  </li>
  <li>
    <a
      href="/5f5fb4bbbfd05c2aed82e478"
    >
      <h2>
        Baabara
      </h2>
      <img
        alt="Baabara"
        height="200px"
        src="https://vignette.wikia.nocookie.net/animalcrossing/images/d/df/Baabara_NH.png/revision/latest?cb=20200802165552"
      />
    </a>
  </li>
  <li>
    <a
      href="/5f5fb4bbbfd05c2aed82e47b"
    >
      <h2>
        Barold
      </h2>
      <img
        alt="Barold"
        height="200px"
        src="https://vignette.wikia.nocookie.net/animalcrossing/images/9/9d/Barold_NH.png/revision/latest?cb=20200802141140"
      />
    </a>
  </li>
</ul>
`;
